[2J[01;01H[=3h[2J[01;01H[2J[01;01H[=3h[2J[01;01H[2J[01;01H[=3h[2J[01;01HBdsDxe: loading Boot0001 "UEFI Misc Device" from PciRoot(0x0)/Pci(0x2,0x0)
BdsDxe: starting Boot0001 "UEFI Misc Device" from PciRoot(0x0)/Pci(0x2,0x0)

========================================
[BOOT] VibeOS UEFI Bootloader M2
========================================
[BOOT] Entry: efi_main()
[BOOT] BL_EFI_OK

[BOOT] === PHASE 2: Memory & Firmware ===
[BOOT] Acquiring UEFI memory map...
[BOOT] Memory regions acquired: 122 regions
[BOOT] Scanning configuration tables...
[BOOT] Found SMBIOS entry
[BOOT] Found ACPI 1.0 RSDP
[BOOT] === PHASE 4: Security Settings Discovery ===
[BOOT] SECURE_BOOT tag: value=0 (phase 4: default, GetVariable pending)
[BOOT] MEASURED_BOOT tag: value=0 (phase 4: default, GetVariable pending)
[BOOT] Security settings discovered: 2 tags
[BOOT] ACPI/SMBIOS: found

[BOOT] === PHASE 3: Kernel Loading ===
[BOOT] Kernel image loaded from EFI filesystem
[BOOT] BL_FS_OK
[BOOT] Kernel image size (bytes): 0x0000000000034f58
[BOOT] Parsing kernel image (ELF64 primary, PE32+ fallback)...
[BOOT] Kernel ELF64 image parsed successfully
[BOOT] Kernel entry point: parsed
[BOOT] Kernel image base: computed
[BOOT] Segments: parsed
[BOOT] BL_PLAN_OK
[BOOT] Loading kernel segments to memory...
[BOOT] Kernel segments loaded successfully
[BOOT] Kernel segments loaded to memory
[BOOT] BL_LOAD_OK

[BOOT] === PHASE 3 COMPLETE ===
[BOOT] Kernel source: filesystem image

[BOOT] === PHASE 4: Boot Info Building ===
[BOOT] framebuffer: 0000000000000500 x 0000000000000320
[BOOT] Allocating boot structures...
[BOOT] kernel_t allocated at 0x0000000000200000
[BOOT] boot_info_t allocated at 0x0000000000201000
[BOOT] memory_map allocated at 0x0000000000202000
[BOOT] boot_info populated: 27 memory regions, ACPI=yes, SMBIOS=yes
[BOOT] init program loaded from filesystem (INIT.ELF), size: 0000000000001898
[BOOT] Validating boot_info...
[BOOT] boot_info validation passed
[BOOT] Boot structures finalized and ready for kernel handoff
[BOOT] Security telemetry: SecureBoot=disabled, MeasuredBoot=disabled

[BOOT] === PHASE 4 COMPLETE ===
[BOOT] Boot structures ready for kernel handoff

[BOOT] handoff acpi_rsdp: 000000001f77e014
[BOOT] BL_HANDOFF_START
[BOOT] Preparing for kernel handoff...
[BOOT] Kernel entry point: 0x0000000004000018
[BOOT] RDI (kernel_t*): 0x0000000000200000
[BOOT] RSI (boot_info_t*): 0x0000000000201000

[BOOT] === PHASE 5: Boot Handoff ===
[BOOT] Calling ExitBootServices()...
[BOOT] ExitBootServices successful
[BOOT] BL_EBS_OK
[BOOT] BL_HANDOFF_OK
[BOOT] Jumping to kernel at 0x0000000004000018...
[BOOT] === PHASE 5 COMPLETE ===
[BOOT] Handoff in progress

[HW] early init: loading GDT
[HW] GDT loaded (CS=0x08 DS=0x10)
[HW] IDT loaded (256 gates, 48 vectors wired: 32 exceptions + 16 IRQs)
[HW] trap model armed (routing faults via vibeos_trap_dispatch_ex)
[HW] building kernel page tables (identity 4GiB, supervisor-only)
[HW] CR3 loaded with kernel-owned tables: 0x0000000004094000
[HW] PAGING_OK (kernel tables, user pages isolated)
[HW] self-test: raising int3
[HW][TRAP] cpu=0x0000000000000000 task=0xffffffffffffffff vector=0x0000000000000003 err=0x0000000000000000 rip=0x000000000400a61f cs=0x0000000000000008 rsp=0x0000000004031f80 ss=0x0000000000000010 rflags=0x0000000000000046 -> action=CONTINUE count=0x0000000000000001
[HW] resumed after int3 (trap routed through model)
[HW] syscall/sysret enabled (LSTAR set)
[HW] enabling timer IRQ (PIC remap + PIT @100Hz)
[HW] TIMER_IRQ_OK ticks=0x0000000000000003
[ACPI] MADT: cpus=0x0000000000000004 lapic=0x00000000fee00000 ioapic=0x00000000fec00000
[APIC] LAPIC timer calibrated: count=0x00000000000996e3
[APIC] APIC_OK: bsp lapic_id=0x0000000000000000 timer=LAPIC keyboard=IOAPIC
[MM] copy-on-write fork enabled
[HW] exec staging buffer: 4 MiB
[HW] PMM online, free bytes=0x0000000019fc2000
[MOUSE] PS/2 mouse ready on IRQ12
[GUI] desktop up: 0x0000000000000500x0x0000000000000320
[FB] no framebuffer; console is serial-only
[VIRTIO] virtio-blk ready (io=0x0000000000006000 qsz=0x0000000000000100)
[FAT] mounted FAT16 part_lba=0x000000000000003f data_lba=0x0000000000000258
[FAT] read INIT.ELF from disk, size=0x0000000000001898
[VNET] virtio-net ready io=0x00000000000060e0 mac=0000000000000052:0000000000000054:0000000000000000:0000000000000012:0000000000000034:0000000000000056
[NET] requesting a DHCP lease
[NET] NET_OK dhcp lease ip=10.0.2.15 gw=10.0.2.2 dns=10.0.2.3
[SCHED] init program from on-disk filesystem (INIT.ELF)
[KBD] keyboard armed (IRQ1); seeding read() self-test input
[SCHED] scheduler live: kernel task + 3 user tasks, own address spaces
[HW][SYS] write(ring3): Hello from a real user ELF (loaded by the kernel)
[HW][SYS] write(ring3): auxv ok: AT_PHDR points at our program headers
[HW][SYS] write(ring3): B
[HW][SYS] write(ring3): B
[HW][SYS] write(ring3): B
[SCHED] task pid=0x0000000000000003 exited code=0x0000000000000001
[SMP] cpu online: lapic_id=0x0000000000000001
[HW][SYS] write(ring3): iov[HW][SYS] write(ring3): A
[HW][SYS] write(ring3): ec
[SMP] cpu online: lapic_id=0x0000000000000002
[HW][SYS] write(ring3): A
[HW][SYS] write(ring3): A
[SCHED] task pid=0x0000000000000002 exited code=0x0000000000000000
[HW][SYS] write(ring3): linux abi ok: fs/uname/clock/writev/mmap
[SMP] cpu online: lapic_id=0x0000000000000003
[HW][SYS] write(ring3): heap+mmap ok
[HW][SYS] write(ring3): kernel pointer correctly rejected
[HW][SYS] write(ring3): child process running (fork ok)
[SCHED] task pid=0x0000000000000009 exited code=0x0000000000000007
[HW][SYS] write(ring3): parent reaped child with status 7
[SMP] SMP_OK: cpus online=0x0000000000000004
[HW][TRAP] cpu=0x0000